Archive member included because of file (symbol)

c:/winavr-20090313/bin/../lib/gcc/avr/4.3.2/avr5\libgcc.a(_udivmodqi4.o)
                              ./HAL/seven_segment/seven_segment.o (__udivmodqi4)
c:/winavr-20090313/bin/../lib/gcc/avr/4.3.2/avr5\libgcc.a(_exit.o)
                              c:/winavr-20090313/bin/../lib/gcc/avr/4.3.2/../../../../avr/lib/avr5/crtm32.o (exit)
c:/winavr-20090313/bin/../lib/gcc/avr/4.3.2/avr5\libgcc.a(_copy_data.o)
                              ./MCAL/DIO/DIO.o (__do_copy_data)
c:/winavr-20090313/bin/../lib/gcc/avr/4.3.2/avr5\libgcc.a(_clear_bss.o)
                              ./MCAL/UART/uart.o (__do_clear_bss)
c:/winavr-20090313/bin/../lib/gcc/avr/4.3.2/avr5\libgcc.a(_fixunssfsi.o)
                              ./HAL/seven_segment/seven_segment.o (__fixunssfsi)
c:/winavr-20090313/bin/../lib/gcc/avr/4.3.2/avr5\libgcc.a(_addsub_sf.o)
                              c:/winavr-20090313/bin/../lib/gcc/avr/4.3.2/avr5\libgcc.a(_fixunssfsi.o) (__subsf3)
c:/winavr-20090313/bin/../lib/gcc/avr/4.3.2/avr5\libgcc.a(_mul_sf.o)
                              ./HAL/seven_segment/seven_segment.o (__mulsf3)
c:/winavr-20090313/bin/../lib/gcc/avr/4.3.2/avr5\libgcc.a(_div_sf.o)
                              ./HAL/LCD/LCD.o (__divsf3)
c:/winavr-20090313/bin/../lib/gcc/avr/4.3.2/avr5\libgcc.a(_gt_sf.o)
                              ./HAL/seven_segment/seven_segment.o (__gtsf2)
c:/winavr-20090313/bin/../lib/gcc/avr/4.3.2/avr5\libgcc.a(_ge_sf.o)
                              c:/winavr-20090313/bin/../lib/gcc/avr/4.3.2/avr5\libgcc.a(_fixunssfsi.o) (__gesf2)
c:/winavr-20090313/bin/../lib/gcc/avr/4.3.2/avr5\libgcc.a(_lt_sf.o)
                              ./HAL/seven_segment/seven_segment.o (__ltsf2)
c:/winavr-20090313/bin/../lib/gcc/avr/4.3.2/avr5\libgcc.a(_sf_to_si.o)
                              c:/winavr-20090313/bin/../lib/gcc/avr/4.3.2/avr5\libgcc.a(_fixunssfsi.o) (__fixsfsi)
c:/winavr-20090313/bin/../lib/gcc/avr/4.3.2/avr5\libgcc.a(_thenan_sf.o)
                              c:/winavr-20090313/bin/../lib/gcc/avr/4.3.2/avr5\libgcc.a(_addsub_sf.o) (__thenan_sf)
c:/winavr-20090313/bin/../lib/gcc/avr/4.3.2/avr5\libgcc.a(_prologue.o)
                              c:/winavr-20090313/bin/../lib/gcc/avr/4.3.2/avr5\libgcc.a(_addsub_sf.o) (__prologue_saves__)
c:/winavr-20090313/bin/../lib/gcc/avr/4.3.2/avr5\libgcc.a(_epilogue.o)
                              c:/winavr-20090313/bin/../lib/gcc/avr/4.3.2/avr5\libgcc.a(_addsub_sf.o) (__epilogue_restores__)
c:/winavr-20090313/bin/../lib/gcc/avr/4.3.2/avr5\libgcc.a(_pack_sf.o)
                              c:/winavr-20090313/bin/../lib/gcc/avr/4.3.2/avr5\libgcc.a(_addsub_sf.o) (__pack_f)
c:/winavr-20090313/bin/../lib/gcc/avr/4.3.2/avr5\libgcc.a(_unpack_sf.o)
                              c:/winavr-20090313/bin/../lib/gcc/avr/4.3.2/avr5\libgcc.a(_addsub_sf.o) (__unpack_f)
c:/winavr-20090313/bin/../lib/gcc/avr/4.3.2/avr5\libgcc.a(_fpcmp_parts_sf.o)
                              c:/winavr-20090313/bin/../lib/gcc/avr/4.3.2/avr5\libgcc.a(_gt_sf.o) (__fpcmp_parts_f)
c:/winavr-20090313/bin/../lib/gcc/avr/4.3.2/../../../../avr/lib/avr5\libc.a(itoa.o)
                              ./HAL/LCD/LCD.o (itoa)
c:/winavr-20090313/bin/../lib/gcc/avr/4.3.2/../../../../avr/lib/avr5\libc.a(strrev.o)
                              c:/winavr-20090313/bin/../lib/gcc/avr/4.3.2/../../../../avr/lib/avr5\libc.a(itoa.o) (strrev)
c:/winavr-20090313/bin/../lib/gcc/avr/4.3.2/avr5\libgcc.a(_udivmodhi4.o)
                              c:/winavr-20090313/bin/../lib/gcc/avr/4.3.2/../../../../avr/lib/avr5\libc.a(itoa.o) (__udivmodhi4)

Allocating common symbols
Common symbol       size              file

ptfrx               0x2               ./MCAL/UART/uart.o
ptftx               0x2               ./MCAL/UART/uart.o
ptf2                0x2               ./MCAL/External_Interrupt/External_Interrupt.o
ptf_t0_OVF          0x2               ./MCAL/Timer/timer.o
ptfspi              0x2               ./MCAL/SPI/spi.o
ptf1                0x2               ./MCAL/External_Interrupt/External_Interrupt.o
ptf_t2_OVF          0x2               ./MCAL/Timer/timer.o
ptf_t0_OCF          0x2               ./MCAL/Timer/timer.o
ptf0                0x2               ./MCAL/External_Interrupt/External_Interrupt.o
ptf_t2_OCF          0x2               ./MCAL/Timer/timer.o

Memory Configuration

Name             Origin             Length             Attributes
text             0x00000000         0x00020000         xr
data             0x00800060         0x0000ffa0         rw !x
eeprom           0x00810000         0x00010000         rw !x
fuse             0x00820000         0x00000400         rw !x
lock             0x00830000         0x00000400         rw !x
signature        0x00840000         0x00000400         rw !x
*default*        0x00000000         0xffffffff

Linker script and memory map

LOAD c:/winavr-20090313/bin/../lib/gcc/avr/4.3.2/../../../../avr/lib/avr5/crtm32.o
LOAD ./MCAL/UART/uart.o
LOAD ./MCAL/Timer/timer.o
LOAD ./MCAL/SPI/spi.o
LOAD ./MCAL/External_Interrupt/External_Interrupt.o
LOAD ./MCAL/DIO/DIO.o
LOAD ./MCAL/ADC/ADC.o
LOAD ./HAL/seven_segment/seven_segment.o
LOAD ./HAL/LCD/LCD.o
LOAD ./HAL/Keypad/Keypad.o
LOAD ./main.o
LOAD c:/winavr-20090313/bin/../lib/gcc/avr/4.3.2/avr5\libgcc.a
LOAD c:/winavr-20090313/bin/../lib/gcc/avr/4.3.2/../../../../avr/lib/avr5\libc.a
LOAD c:/winavr-20090313/bin/../lib/gcc/avr/4.3.2/avr5\libgcc.a

.hash
 *(.hash)

.dynsym
 *(.dynsym)

.dynstr
 *(.dynstr)

.gnu.version
 *(.gnu.version)

.gnu.version_d
 *(.gnu.version_d)

.gnu.version_r
 *(.gnu.version_r)

.rel.init
 *(.rel.init)

.rela.init
 *(.rela.init)

.rel.text
 *(.rel.text)
 *(.rel.text.*)
 *(.rel.gnu.linkonce.t*)

.rela.text
 *(.rela.text)
 *(.rela.text.*)
 *(.rela.gnu.linkonce.t*)

.rel.fini
 *(.rel.fini)

.rela.fini
 *(.rela.fini)

.rel.rodata
 *(.rel.rodata)
 *(.rel.rodata.*)
 *(.rel.gnu.linkonce.r*)

.rela.rodata
 *(.rela.rodata)
 *(.rela.rodata.*)
 *(.rela.gnu.linkonce.r*)

.rel.data
 *(.rel.data)
 *(.rel.data.*)
 *(.rel.gnu.linkonce.d*)

.rela.data
 *(.rela.data)
 *(.rela.data.*)
 *(.rela.gnu.linkonce.d*)

.rel.ctors
 *(.rel.ctors)

.rela.ctors
 *(.rela.ctors)

.rel.dtors
 *(.rel.dtors)

.rela.dtors
 *(.rela.dtors)

.rel.got
 *(.rel.got)

.rela.got
 *(.rela.got)

.rel.bss
 *(.rel.bss)

.rela.bss
 *(.rela.bss)

.rel.plt
 *(.rel.plt)

.rela.plt
 *(.rela.plt)

.text           0x00000000     0x4afe
 *(.vectors)
 .vectors       0x00000000       0x54 c:/winavr-20090313/bin/../lib/gcc/avr/4.3.2/../../../../avr/lib/avr5/crtm32.o
                0x00000000                __vectors
                0x00000000                __vector_default
 *(.vectors)
 *(.progmem.gcc*)
 *(.progmem*)
                0x00000054                . = ALIGN (0x2)
                0x00000054                __trampolines_start = .
 *(.trampolines)
 .trampolines   0x00000054        0x0 linker stubs
 *(.trampolines*)
                0x00000054                __trampolines_end = .
 *(.jumptables)
 *(.jumptables*)
 *(.lowtext)
 *(.lowtext*)
                0x00000054                __ctors_start = .
 *(.ctors)
                0x00000054                __ctors_end = .
                0x00000054                __dtors_start = .
 *(.dtors)
                0x00000054                __dtors_end = .
 SORT(*)(.ctors)
 SORT(*)(.dtors)
 *(.init0)
 .init0         0x00000054        0x0 c:/winavr-20090313/bin/../lib/gcc/avr/4.3.2/../../../../avr/lib/avr5/crtm32.o
                0x00000054                __init
 *(.init0)
 *(.init1)
 *(.init1)
 *(.init2)
 .init2         0x00000054        0xc c:/winavr-20090313/bin/../lib/gcc/avr/4.3.2/../../../../avr/lib/avr5/crtm32.o
 *(.init2)
 *(.init3)
 *(.init3)
 *(.init4)
 .init4         0x00000060       0x16 c:/winavr-20090313/bin/../lib/gcc/avr/4.3.2/avr5\libgcc.a(_copy_data.o)
                0x00000060                __do_copy_data
 .init4         0x00000076       0x10 c:/winavr-20090313/bin/../lib/gcc/avr/4.3.2/avr5\libgcc.a(_clear_bss.o)
                0x00000076                __do_clear_bss
 *(.init4)
 *(.init5)
 *(.init5)
 *(.init6)
 *(.init6)
 *(.init7)
 *(.init7)
 *(.init8)
 *(.init8)
 *(.init9)
 .init9         0x00000086        0x8 c:/winavr-20090313/bin/../lib/gcc/avr/4.3.2/../../../../avr/lib/avr5/crtm32.o
 *(.init9)
 *(.text)
 .text          0x0000008e        0x4 c:/winavr-20090313/bin/../lib/gcc/avr/4.3.2/../../../../avr/lib/avr5/crtm32.o
                0x0000008e                __bad_interrupt
                0x0000008e                __vector_6
                0x0000008e                __vector_17
                0x0000008e                __vector_19
                0x0000008e                __vector_7
                0x0000008e                __vector_9
                0x0000008e                __vector_8
                0x0000008e                __vector_14
                0x0000008e                __vector_16
                0x0000008e                __vector_18
                0x0000008e                __vector_20
 .text          0x00000092        0x0 ./MCAL/UART/uart.o
 .text          0x00000092        0x0 ./MCAL/Timer/timer.o
 .text          0x00000092        0x0 ./MCAL/SPI/spi.o
 .text          0x00000092        0x0 ./MCAL/External_Interrupt/External_Interrupt.o
 .text          0x00000092        0x0 ./MCAL/DIO/DIO.o
 .text          0x00000092        0x0 ./MCAL/ADC/ADC.o
 .text          0x00000092        0x0 ./HAL/seven_segment/seven_segment.o
 .text          0x00000092        0x0 ./HAL/LCD/LCD.o
 .text          0x00000092        0x0 ./HAL/Keypad/Keypad.o
 .text          0x00000092        0x0 ./main.o
 .text          0x00000092        0x0 c:/winavr-20090313/bin/../lib/gcc/avr/4.3.2/avr5\libgcc.a(_udivmodqi4.o)
 .text          0x00000092        0x0 c:/winavr-20090313/bin/../lib/gcc/avr/4.3.2/avr5\libgcc.a(_exit.o)
 .text          0x00000092        0x0 c:/winavr-20090313/bin/../lib/gcc/avr/4.3.2/avr5\libgcc.a(_copy_data.o)
 .text          0x00000092        0x0 c:/winavr-20090313/bin/../lib/gcc/avr/4.3.2/avr5\libgcc.a(_clear_bss.o)
 .text          0x00000092       0x58 c:/winavr-20090313/bin/../lib/gcc/avr/4.3.2/avr5\libgcc.a(_fixunssfsi.o)
                0x00000092                __fixunssfsi
 .text          0x000000ea      0x354 c:/winavr-20090313/bin/../lib/gcc/avr/4.3.2/avr5\libgcc.a(_addsub_sf.o)
                0x00000382                __subsf3
                0x000003e4                __addsf3
 .text          0x0000043e      0x1f4 c:/winavr-20090313/bin/../lib/gcc/avr/4.3.2/avr5\libgcc.a(_mul_sf.o)
                0x0000043e                __mulsf3
 .text          0x00000632      0x158 c:/winavr-20090313/bin/../lib/gcc/avr/4.3.2/avr5\libgcc.a(_div_sf.o)
                0x00000632                __divsf3
 .text          0x0000078a       0x60 c:/winavr-20090313/bin/../lib/gcc/avr/4.3.2/avr5\libgcc.a(_gt_sf.o)
                0x0000078a                __gtsf2
 .text          0x000007ea       0x60 c:/winavr-20090313/bin/../lib/gcc/avr/4.3.2/avr5\libgcc.a(_ge_sf.o)
                0x000007ea                __gesf2
 .text          0x0000084a       0x60 c:/winavr-20090313/bin/../lib/gcc/avr/4.3.2/avr5\libgcc.a(_lt_sf.o)
                0x0000084a                __ltsf2
 .text          0x000008aa       0xa8 c:/winavr-20090313/bin/../lib/gcc/avr/4.3.2/avr5\libgcc.a(_sf_to_si.o)
                0x000008aa                __fixsfsi
 .text          0x00000952        0x0 c:/winavr-20090313/bin/../lib/gcc/avr/4.3.2/avr5\libgcc.a(_thenan_sf.o)
 .text          0x00000952        0x0 c:/winavr-20090313/bin/../lib/gcc/avr/4.3.2/avr5\libgcc.a(_prologue.o)
 .text          0x00000952        0x0 c:/winavr-20090313/bin/../lib/gcc/avr/4.3.2/avr5\libgcc.a(_epilogue.o)
 .text          0x00000952      0x1aa c:/winavr-20090313/bin/../lib/gcc/avr/4.3.2/avr5\libgcc.a(_pack_sf.o)
                0x00000952                __pack_f
 .text          0x00000afc       0xf0 c:/winavr-20090313/bin/../lib/gcc/avr/4.3.2/avr5\libgcc.a(_unpack_sf.o)
                0x00000afc                __unpack_f
 .text          0x00000bec       0xb2 c:/winavr-20090313/bin/../lib/gcc/avr/4.3.2/avr5\libgcc.a(_fpcmp_parts_sf.o)
                0x00000bec                __fpcmp_parts_f
 .text          0x00000c9e       0x42 c:/winavr-20090313/bin/../lib/gcc/avr/4.3.2/../../../../avr/lib/avr5\libc.a(itoa.o)
                0x00000c9e                itoa
 .text          0x00000ce0       0x20 c:/winavr-20090313/bin/../lib/gcc/avr/4.3.2/../../../../avr/lib/avr5\libc.a(strrev.o)
                0x00000ce0                strrev
 .text          0x00000d00        0x0 c:/winavr-20090313/bin/../lib/gcc/avr/4.3.2/avr5\libgcc.a(_udivmodhi4.o)
                0x00000d00                . = ALIGN (0x2)
 *(.text.*)
 .text.uart_init
                0x00000d00       0xb0 ./MCAL/UART/uart.o
                0x00000d00                uart_init
 .text.uart_transmit
                0x00000db0       0x2e ./MCAL/UART/uart.o
                0x00000db0                uart_transmit
 .text.uart_transmit_data
                0x00000dde       0x66 ./MCAL/UART/uart.o
                0x00000dde                uart_transmit_data
 .text.uart_receive
                0x00000e44       0x1e ./MCAL/UART/uart.o
                0x00000e44                uart_receive
 .text.call_back_tx
                0x00000e62       0x24 ./MCAL/UART/uart.o
                0x00000e62                call_back_tx
 .text.call_back_rx
                0x00000e86       0x24 ./MCAL/UART/uart.o
                0x00000e86                call_back_rx
 .text.__vector_15
                0x00000eaa       0x5a ./MCAL/UART/uart.o
                0x00000eaa                __vector_15
 .text.__vector_13
                0x00000f04       0x5a ./MCAL/UART/uart.o
                0x00000f04                __vector_13
 .text.timer0_init
                0x00000f5e       0x76 ./MCAL/Timer/timer.o
                0x00000f5e                timer0_init
 .text.timer2_init
                0x00000fd4       0x76 ./MCAL/Timer/timer.o
                0x00000fd4                timer2_init
 .text.setcallback_T0_TOV
                0x0000104a       0x24 ./MCAL/Timer/timer.o
                0x0000104a                setcallback_T0_TOV
 .text.setcallback_T0_OCF
                0x0000106e       0x24 ./MCAL/Timer/timer.o
                0x0000106e                setcallback_T0_OCF
 .text.setcallback_T2_TOV
                0x00001092       0x24 ./MCAL/Timer/timer.o
                0x00001092                setcallback_T2_TOV
 .text.setcallback_T2_OCF
                0x000010b6       0x24 ./MCAL/Timer/timer.o
                0x000010b6                setcallback_T2_OCF
 .text.__vector_11
                0x000010da       0x5a ./MCAL/Timer/timer.o
                0x000010da                __vector_11
 .text.__vector_10
                0x00001134       0x5a ./MCAL/Timer/timer.o
                0x00001134                __vector_10
 .text.__vector_5
                0x0000118e       0x5a ./MCAL/Timer/timer.o
                0x0000118e                __vector_5
 .text.__vector_4
                0x000011e8       0x5a ./MCAL/Timer/timer.o
                0x000011e8                __vector_4
 .text.spi_master_init
                0x00001242       0xb6 ./MCAL/SPI/spi.o
                0x00001242                spi_master_init
 .text.spi_slave_init
                0x000012f8       0xa8 ./MCAL/SPI/spi.o
                0x000012f8                spi_slave_init
 .text.spi_master_send
                0x000013a0       0x26 ./MCAL/SPI/spi.o
                0x000013a0                spi_master_send
 .text.spi_slave_receive
                0x000013c6       0x1e ./MCAL/SPI/spi.o
                0x000013c6                spi_slave_receive
 .text.call_back_spi
                0x000013e4       0x24 ./MCAL/SPI/spi.o
                0x000013e4                call_back_spi
 .text.__vector_12
                0x00001408       0x5a ./MCAL/SPI/spi.o
                0x00001408                __vector_12
 .text.EXTI_init
                0x00001462       0x46 ./MCAL/External_Interrupt/External_Interrupt.o
                0x00001462                EXTI_init
 .text.call_back_INT0
                0x000014a8       0x24 ./MCAL/External_Interrupt/External_Interrupt.o
                0x000014a8                call_back_INT0
 .text.call_back_INT1
                0x000014cc       0x24 ./MCAL/External_Interrupt/External_Interrupt.o
                0x000014cc                call_back_INT1
 .text.call_back_INT2
                0x000014f0       0x24 ./MCAL/External_Interrupt/External_Interrupt.o
                0x000014f0                call_back_INT2
 .text.__vector_1
                0x00001514       0x5a ./MCAL/External_Interrupt/External_Interrupt.o
                0x00001514                __vector_1
 .text.__vector_2
                0x0000156e       0x5a ./MCAL/External_Interrupt/External_Interrupt.o
                0x0000156e                __vector_2
 .text.__vector_3
                0x000015c8       0x5a ./MCAL/External_Interrupt/External_Interrupt.o
                0x000015c8                __vector_3
 .text.DIO_Write
                0x00001622      0x1d6 ./MCAL/DIO/DIO.o
                0x00001622                DIO_Write
 .text.DIO_Port_Write
                0x000017f8       0x82 ./MCAL/DIO/DIO.o
                0x000017f8                DIO_Port_Write
 .text.DIO_Read
                0x0000187a      0x138 ./MCAL/DIO/DIO.o
                0x0000187a                DIO_Read
 .text.DIO_Init
                0x000019b2      0x23c ./MCAL/DIO/DIO.o
                0x000019b2                DIO_Init
 .text.adc_init
                0x00001bee       0x38 ./MCAL/ADC/ADC.o
                0x00001bee                adc_init
 .text.adc_read
                0x00001c26       0x60 ./MCAL/ADC/ADC.o
                0x00001c26                adc_read
 .text.seven_display_number
                0x00001c86      0x29a ./HAL/seven_segment/seven_segment.o
                0x00001c86                seven_display_number
 .text.lcd_init
                0x00001f20      0x158 ./HAL/LCD/LCD.o
                0x00001f20                lcd_init
 .text.lcd_cmd  0x00002078      0x896 ./HAL/LCD/LCD.o
                0x00002078                lcd_cmd
 .text.lcd_data
                0x0000290e      0x896 ./HAL/LCD/LCD.o
                0x0000290e                lcd_data
 .text.lcd_string
                0x000031a4       0x5e ./HAL/LCD/LCD.o
                0x000031a4                lcd_string
 .text.lcd_sent_num
                0x00003202       0x4a ./HAL/LCD/LCD.o
                0x00003202                lcd_sent_num
 .text.lcd_proteus_init
                0x0000324c      0x14a ./HAL/LCD/LCD.o
                0x0000324c                lcd_proteus_init
 .text.lcd_proteus_cmd
                0x00003396      0x91a ./HAL/LCD/LCD.o
                0x00003396                lcd_proteus_cmd
 .text.lcd_proteus_data
                0x00003cb0      0x91a ./HAL/LCD/LCD.o
                0x00003cb0                lcd_proteus_data
 .text.lcd_proteus_string
                0x000045ca       0x5e ./HAL/LCD/LCD.o
                0x000045ca                lcd_proteus_string
 .text.lcd_proteus_sent_num
                0x00004628       0x4a ./HAL/LCD/LCD.o
                0x00004628                lcd_proteus_sent_num
 .text.keypad_Init
                0x00004672       0x16 ./HAL/Keypad/Keypad.o
                0x00004672                keypad_Init
 .text.get_key  0x00004688      0x25c ./HAL/Keypad/Keypad.o
                0x00004688                get_key
 .text.main     0x000048e4      0x168 ./main.o
                0x000048e4                main
 .text.libgcc   0x00004a4c       0x18 c:/winavr-20090313/bin/../lib/gcc/avr/4.3.2/avr5\libgcc.a(_udivmodqi4.o)
                0x00004a4c                __udivmodqi4
 .text.libgcc   0x00004a64        0x0 c:/winavr-20090313/bin/../lib/gcc/avr/4.3.2/avr5\libgcc.a(_exit.o)
 .text.libgcc   0x00004a64        0x0 c:/winavr-20090313/bin/../lib/gcc/avr/4.3.2/avr5\libgcc.a(_copy_data.o)
 .text.libgcc   0x00004a64        0x0 c:/winavr-20090313/bin/../lib/gcc/avr/4.3.2/avr5\libgcc.a(_clear_bss.o)
 .text.libgcc   0x00004a64       0x38 c:/winavr-20090313/bin/../lib/gcc/avr/4.3.2/avr5\libgcc.a(_prologue.o)
                0x00004a64                __prologue_saves__
 .text.libgcc   0x00004a9c       0x36 c:/winavr-20090313/bin/../lib/gcc/avr/4.3.2/avr5\libgcc.a(_epilogue.o)
                0x00004a9c                __epilogue_restores__
 .text.libgcc   0x00004ad2       0x28 c:/winavr-20090313/bin/../lib/gcc/avr/4.3.2/avr5\libgcc.a(_udivmodhi4.o)
                0x00004ad2                __udivmodhi4
                0x00004afa                . = ALIGN (0x2)
 *(.fini9)
 .fini9         0x00004afa        0x0 c:/winavr-20090313/bin/../lib/gcc/avr/4.3.2/avr5\libgcc.a(_exit.o)
                0x00004afa                exit
                0x00004afa                _exit
 *(.fini9)
 *(.fini8)
 *(.fini8)
 *(.fini7)
 *(.fini7)
 *(.fini6)
 *(.fini6)
 *(.fini5)
 *(.fini5)
 *(.fini4)
 *(.fini4)
 *(.fini3)
 *(.fini3)
 *(.fini2)
 *(.fini2)
 *(.fini1)
 *(.fini1)
 *(.fini0)
 .fini0         0x00004afa        0x4 c:/winavr-20090313/bin/../lib/gcc/avr/4.3.2/avr5\libgcc.a(_exit.o)
 *(.fini0)
                0x00004afe                _etext = .

.data           0x00800060       0x1c load address 0x00004afe
                0x00800060                PROVIDE (__data_start, .)
 *(.data)
 .data          0x00800060        0x0 c:/winavr-20090313/bin/../lib/gcc/avr/4.3.2/../../../../avr/lib/avr5/crtm32.o
 .data          0x00800060        0x0 ./MCAL/UART/uart.o
 .data          0x00800060        0x0 ./MCAL/Timer/timer.o
 .data          0x00800060        0x0 ./MCAL/SPI/spi.o
 .data          0x00800060        0x0 ./MCAL/External_Interrupt/External_Interrupt.o
 .data          0x00800060        0x0 ./MCAL/DIO/DIO.o
 .data          0x00800060        0x0 ./MCAL/ADC/ADC.o
 .data          0x00800060        0x0 ./HAL/seven_segment/seven_segment.o
 .data          0x00800060        0x0 ./HAL/LCD/LCD.o
 .data          0x00800060        0x0 ./HAL/Keypad/Keypad.o
 .data          0x00800060        0x0 ./main.o
 .data          0x00800060        0x0 c:/winavr-20090313/bin/../lib/gcc/avr/4.3.2/avr5\libgcc.a(_udivmodqi4.o)
 .data          0x00800060        0x0 c:/winavr-20090313/bin/../lib/gcc/avr/4.3.2/avr5\libgcc.a(_exit.o)
 .data          0x00800060        0x0 c:/winavr-20090313/bin/../lib/gcc/avr/4.3.2/avr5\libgcc.a(_copy_data.o)
 .data          0x00800060        0x0 c:/winavr-20090313/bin/../lib/gcc/avr/4.3.2/avr5\libgcc.a(_clear_bss.o)
 .data          0x00800060        0x0 c:/winavr-20090313/bin/../lib/gcc/avr/4.3.2/avr5\libgcc.a(_fixunssfsi.o)
 .data          0x00800060        0x0 c:/winavr-20090313/bin/../lib/gcc/avr/4.3.2/avr5\libgcc.a(_addsub_sf.o)
 .data          0x00800060        0x0 c:/winavr-20090313/bin/../lib/gcc/avr/4.3.2/avr5\libgcc.a(_mul_sf.o)
 .data          0x00800060        0x0 c:/winavr-20090313/bin/../lib/gcc/avr/4.3.2/avr5\libgcc.a(_div_sf.o)
 .data          0x00800060        0x0 c:/winavr-20090313/bin/../lib/gcc/avr/4.3.2/avr5\libgcc.a(_gt_sf.o)
 .data          0x00800060        0x0 c:/winavr-20090313/bin/../lib/gcc/avr/4.3.2/avr5\libgcc.a(_ge_sf.o)
 .data          0x00800060        0x0 c:/winavr-20090313/bin/../lib/gcc/avr/4.3.2/avr5\libgcc.a(_lt_sf.o)
 .data          0x00800060        0x0 c:/winavr-20090313/bin/../lib/gcc/avr/4.3.2/avr5\libgcc.a(_sf_to_si.o)
 .data          0x00800060        0x8 c:/winavr-20090313/bin/../lib/gcc/avr/4.3.2/avr5\libgcc.a(_thenan_sf.o)
                0x00800060                __thenan_sf
 .data          0x00800068        0x0 c:/winavr-20090313/bin/../lib/gcc/avr/4.3.2/avr5\libgcc.a(_prologue.o)
 .data          0x00800068        0x0 c:/winavr-20090313/bin/../lib/gcc/avr/4.3.2/avr5\libgcc.a(_epilogue.o)
 .data          0x00800068        0x0 c:/winavr-20090313/bin/../lib/gcc/avr/4.3.2/avr5\libgcc.a(_pack_sf.o)
 .data          0x00800068        0x0 c:/winavr-20090313/bin/../lib/gcc/avr/4.3.2/avr5\libgcc.a(_unpack_sf.o)
 .data          0x00800068        0x0 c:/winavr-20090313/bin/../lib/gcc/avr/4.3.2/avr5\libgcc.a(_fpcmp_parts_sf.o)
 .data          0x00800068        0x0 c:/winavr-20090313/bin/../lib/gcc/avr/4.3.2/../../../../avr/lib/avr5\libc.a(itoa.o)
 .data          0x00800068        0x0 c:/winavr-20090313/bin/../lib/gcc/avr/4.3.2/../../../../avr/lib/avr5\libc.a(strrev.o)
 .data          0x00800068        0x0 c:/winavr-20090313/bin/../lib/gcc/avr/4.3.2/avr5\libgcc.a(_udivmodhi4.o)
 *(.data*)
 .data.init_pins
                0x00800068        0x4 ./MCAL/DIO/DIO.o
                0x00800068                init_pins
 .data.key      0x0080006c       0x10 ./HAL/Keypad/Keypad.o
                0x0080006c                key
 *(.rodata)
 *(.rodata*)
 *(.gnu.linkonce.d*)
                0x0080007c                . = ALIGN (0x2)
                0x0080007c                _edata = .
                0x0080007c                PROVIDE (__data_end, .)

.bss            0x0080007c       0x14
                0x0080007c                PROVIDE (__bss_start, .)
 *(.bss)
 .bss           0x0080007c        0x0 c:/winavr-20090313/bin/../lib/gcc/avr/4.3.2/../../../../avr/lib/avr5/crtm32.o
 .bss           0x0080007c        0x0 ./MCAL/UART/uart.o
 .bss           0x0080007c        0x0 ./MCAL/Timer/timer.o
 .bss           0x0080007c        0x0 ./MCAL/SPI/spi.o
 .bss           0x0080007c        0x0 ./MCAL/External_Interrupt/External_Interrupt.o
 .bss           0x0080007c        0x0 ./MCAL/DIO/DIO.o
 .bss           0x0080007c        0x0 ./MCAL/ADC/ADC.o
 .bss           0x0080007c        0x0 ./HAL/seven_segment/seven_segment.o
 .bss           0x0080007c        0x0 ./HAL/LCD/LCD.o
 .bss           0x0080007c        0x0 ./HAL/Keypad/Keypad.o
 .bss           0x0080007c        0x0 ./main.o
 .bss           0x0080007c        0x0 c:/winavr-20090313/bin/../lib/gcc/avr/4.3.2/avr5\libgcc.a(_udivmodqi4.o)
 .bss           0x0080007c        0x0 c:/winavr-20090313/bin/../lib/gcc/avr/4.3.2/avr5\libgcc.a(_exit.o)
 .bss           0x0080007c        0x0 c:/winavr-20090313/bin/../lib/gcc/avr/4.3.2/avr5\libgcc.a(_copy_data.o)
 .bss           0x0080007c        0x0 c:/winavr-20090313/bin/../lib/gcc/avr/4.3.2/avr5\libgcc.a(_clear_bss.o)
 .bss           0x0080007c        0x0 c:/winavr-20090313/bin/../lib/gcc/avr/4.3.2/avr5\libgcc.a(_fixunssfsi.o)
 .bss           0x0080007c        0x0 c:/winavr-20090313/bin/../lib/gcc/avr/4.3.2/avr5\libgcc.a(_addsub_sf.o)
 .bss           0x0080007c        0x0 c:/winavr-20090313/bin/../lib/gcc/avr/4.3.2/avr5\libgcc.a(_mul_sf.o)
 .bss           0x0080007c        0x0 c:/winavr-20090313/bin/../lib/gcc/avr/4.3.2/avr5\libgcc.a(_div_sf.o)
 .bss           0x0080007c        0x0 c:/winavr-20090313/bin/../lib/gcc/avr/4.3.2/avr5\libgcc.a(_gt_sf.o)
 .bss           0x0080007c        0x0 c:/winavr-20090313/bin/../lib/gcc/avr/4.3.2/avr5\libgcc.a(_ge_sf.o)
 .bss           0x0080007c        0x0 c:/winavr-20090313/bin/../lib/gcc/avr/4.3.2/avr5\libgcc.a(_lt_sf.o)
 .bss           0x0080007c        0x0 c:/winavr-20090313/bin/../lib/gcc/avr/4.3.2/avr5\libgcc.a(_sf_to_si.o)
 .bss           0x0080007c        0x0 c:/winavr-20090313/bin/../lib/gcc/avr/4.3.2/avr5\libgcc.a(_thenan_sf.o)
 .bss           0x0080007c        0x0 c:/winavr-20090313/bin/../lib/gcc/avr/4.3.2/avr5\libgcc.a(_prologue.o)
 .bss           0x0080007c        0x0 c:/winavr-20090313/bin/../lib/gcc/avr/4.3.2/avr5\libgcc.a(_epilogue.o)
 .bss           0x0080007c        0x0 c:/winavr-20090313/bin/../lib/gcc/avr/4.3.2/avr5\libgcc.a(_pack_sf.o)
 .bss           0x0080007c        0x0 c:/winavr-20090313/bin/../lib/gcc/avr/4.3.2/avr5\libgcc.a(_unpack_sf.o)
 .bss           0x0080007c        0x0 c:/winavr-20090313/bin/../lib/gcc/avr/4.3.2/avr5\libgcc.a(_fpcmp_parts_sf.o)
 .bss           0x0080007c        0x0 c:/winavr-20090313/bin/../lib/gcc/avr/4.3.2/../../../../avr/lib/avr5\libc.a(itoa.o)
 .bss           0x0080007c        0x0 c:/winavr-20090313/bin/../lib/gcc/avr/4.3.2/../../../../avr/lib/avr5\libc.a(strrev.o)
 .bss           0x0080007c        0x0 c:/winavr-20090313/bin/../lib/gcc/avr/4.3.2/avr5\libgcc.a(_udivmodhi4.o)
 *(.bss*)
 *(COMMON)
 COMMON         0x0080007c        0x4 ./MCAL/UART/uart.o
                0x0080007c                ptfrx
                0x0080007e                ptftx
 COMMON         0x00800080        0x8 ./MCAL/Timer/timer.o
                0x00800080                ptf_t0_OVF
                0x00800082                ptf_t2_OVF
                0x00800084                ptf_t0_OCF
                0x00800086                ptf_t2_OCF
 COMMON         0x00800088        0x2 ./MCAL/SPI/spi.o
                0x00800088                ptfspi
 COMMON         0x0080008a        0x6 ./MCAL/External_Interrupt/External_Interrupt.o
                0x0080008a                ptf2
                0x0080008c                ptf1
                0x0080008e                ptf0
                0x00800090                PROVIDE (__bss_end, .)
                0x00004afe                __data_load_start = LOADADDR (.data)
                0x00004b1a                __data_load_end = (__data_load_start + SIZEOF (.data))

.noinit         0x00800090        0x0
                0x00800090                PROVIDE (__noinit_start, .)
 *(.noinit*)
                0x00800090                PROVIDE (__noinit_end, .)
                0x00800090                _end = .
                0x00800090                PROVIDE (__heap_start, .)

.eeprom         0x00810000        0x0
 *(.eeprom*)
                0x00810000                __eeprom_end = .

.fuse
 *(.fuse)
 *(.lfuse)
 *(.hfuse)
 *(.efuse)

.lock
 *(.lock*)

.signature
 *(.signature*)

.stab           0x00000000     0x43c8
 *(.stab)
 .stab          0x00000000      0x6d8 ./MCAL/UART/uart.o
 .stab          0x000006d8      0x480 ./MCAL/Timer/timer.o
                                0x630 (size before relaxing)
 .stab          0x00000b58      0x414 ./MCAL/SPI/spi.o
                                0x660 (size before relaxing)
 .stab          0x00000f6c      0x354 ./MCAL/External_Interrupt/External_Interrupt.o
                                0x51c (size before relaxing)
 .stab          0x000012c0      0x63c ./MCAL/DIO/DIO.o
                                0x828 (size before relaxing)
 .stab          0x000018fc      0x24c ./MCAL/ADC/ADC.o
                                0x414 (size before relaxing)
 .stab          0x00001b48      0x4a4 ./HAL/seven_segment/seven_segment.o
                                0x6b4 (size before relaxing)
 .stab          0x00001fec     0x1c2c ./HAL/LCD/LCD.o
                               0x1e3c (size before relaxing)
 .stab          0x00003c18      0x4b0 ./HAL/Keypad/Keypad.o
                                0x6c0 (size before relaxing)
 .stab          0x000040c8      0x300 ./main.o
                                0x630 (size before relaxing)

.stabstr        0x00000000     0x1d16
 *(.stabstr)
 .stabstr       0x00000000     0x1d16 ./MCAL/UART/uart.o

.stab.excl
 *(.stab.excl)

.stab.exclstr
 *(.stab.exclstr)

.stab.index
 *(.stab.index)

.stab.indexstr
 *(.stab.indexstr)

.comment
 *(.comment)

.debug
 *(.debug)

.line
 *(.line)

.debug_srcinfo
 *(.debug_srcinfo)

.debug_sfnames
 *(.debug_sfnames)

.debug_aranges
 *(.debug_aranges)

.debug_pubnames
 *(.debug_pubnames)

.debug_info
 *(.debug_info)
 *(.gnu.linkonce.wi.*)

.debug_abbrev
 *(.debug_abbrev)

.debug_line
 *(.debug_line)

.debug_frame
 *(.debug_frame)

.debug_str
 *(.debug_str)

.debug_loc
 *(.debug_loc)

.debug_macinfo
 *(.debug_macinfo)
OUTPUT(Graduation_Project_1.elf elf32-avr)
LOAD linker stubs
